../Core/Src/main.c:83:6:delay_ms	16	static
../Core/Src/main.c:92:6:HAL_GPIO_EXTI_Callback	24	static
../Core/Src/main.c:125:6:print_value	80	static
../Core/Src/main.c:132:6:lcd_print_data	8	static
../Core/Src/main.c:158:6:lcd_print	8	static
../Core/Src/main.c:190:6:lcd_default	8	static
../Core/Src/main.c:230:5:main	16	static
../Core/Src/main.c:328:6:SystemClock_Config	80	static
../Core/Src/main.c:363:13:MX_NVIC_Init	8	static
../Core/Src/main.c:378:13:MX_TIM14_Init	8	static
../Core/Src/main.c:409:13:MX_GPIO_Init	48	static
../Core/Src/main.c:457:6:Error_Handler	8	static,ignoring_inline_asm
