../Core/Src/main.c:86:6:delay_ms	16	static
../Core/Src/main.c:95:6:HAL_GPIO_EXTI_Callback	24	static
../Core/Src/main.c:128:6:print_value	80	static
../Core/Src/main.c:135:6:lcd_print_data	8	static
../Core/Src/main.c:161:6:lcd_print	8	static
../Core/Src/main.c:193:6:lcd_default	8	static
../Core/Src/main.c:233:5:main	88	static
../Core/Src/main.c:365:6:SystemClock_Config	96	static
../Core/Src/main.c:407:13:MX_NVIC_Init	8	static
../Core/Src/main.c:422:13:MX_TIM14_Init	8	static
../Core/Src/main.c:453:13:MX_USART1_UART_Init	8	static
../Core/Src/main.c:488:13:MX_GPIO_Init	48	static
../Core/Src/main.c:536:6:Error_Handler	8	static,ignoring_inline_asm
